Archive member included because of file (symbol)

/Users/saulricardogomez/pebble-dev/pebble-sdk-release-001/imagen/lib/libpebble.a(tmpE96Sgtpebble_os.o)
                              src/feature_image_transparent.c.1.o (app_event_loop)
/Users/saulricardogomez/pebble-dev/arm-cs-tools/bin/../lib/gcc/arm-none-eabi/4.6.3/../../../../arm-none-eabi/lib/thumb2/libc.a(lib_a-memmove.o)
                              src/feature_image_transparent.c.1.o (memmove)
/Users/saulricardogomez/pebble-dev/arm-cs-tools/bin/../lib/gcc/arm-none-eabi/4.6.3/../../../../arm-none-eabi/lib/thumb2/libc.a(lib_a-memset.o)
                              src/feature_image_transparent.c.1.o (memset)

Allocating common symbols
Common symbol       size              file

bitmap_container    0xd0              src/feature_image_transparent.c.1.o
timeLayer           0x38              src/feature_image_transparent.c.1.o
text_date_layer     0x38              src/feature_image_transparent.c.1.o
window              0x58              src/feature_image_transparent.c.1.o
AMPM                0x38              src/feature_image_transparent.c.1.o

Memory Configuration

Name             Origin             Length             Attributes
APP              0x0000000000000000 0x0000000000006000 xrw
*default*        0x0000000000000000 0xffffffffffffffff

Linker script and memory map

LOAD /Users/saulricardogomez/pebble-dev/arm-cs-tools/bin/../lib/gcc/arm-none-eabi/4.6.3/thumb2/crti.o
LOAD /Users/saulricardogomez/pebble-dev/arm-cs-tools/bin/../lib/gcc/arm-none-eabi/4.6.3/thumb2/crtbegin.o
LOAD src/feature_image_transparent.c.1.o
LOAD /Users/saulricardogomez/pebble-dev/pebble-sdk-release-001/imagen/lib/libpebble.a
START GROUP
LOAD /Users/saulricardogomez/pebble-dev/arm-cs-tools/bin/../lib/gcc/arm-none-eabi/4.6.3/thumb2/libgcc.a
LOAD /Users/saulricardogomez/pebble-dev/arm-cs-tools/bin/../lib/gcc/arm-none-eabi/4.6.3/../../../../arm-none-eabi/lib/thumb2/libc.a
END GROUP
LOAD /Users/saulricardogomez/pebble-dev/arm-cs-tools/bin/../lib/gcc/arm-none-eabi/4.6.3/thumb2/crtend.o
LOAD /Users/saulricardogomez/pebble-dev/arm-cs-tools/bin/../lib/gcc/arm-none-eabi/4.6.3/thumb2/crtn.o

.header         0x0000000000000000       0x7c
 *(.pbl_header)
 .pbl_header    0x0000000000000000       0x7c src/feature_image_transparent.c.1.o
                0x0000000000000000                __pbl_app_info

.text           0x000000000000007c      0xfe0
 *(.text)
 .text          0x000000000000007c        0x0 /Users/saulricardogomez/pebble-dev/arm-cs-tools/bin/../lib/gcc/arm-none-eabi/4.6.3/thumb2/crti.o
 .text          0x000000000000007c       0x68 /Users/saulricardogomez/pebble-dev/arm-cs-tools/bin/../lib/gcc/arm-none-eabi/4.6.3/thumb2/crtbegin.o
 .text          0x00000000000000e4      0x3ec src/feature_image_transparent.c.1.o
                0x00000000000000e4                update_time_display
                0x0000000000000200                handle_init
                0x0000000000000438                handle_deinit
                0x0000000000000478                pbl_main
 .text          0x00000000000004d0      0xb8c /Users/saulricardogomez/pebble-dev/pebble-sdk-release-001/imagen/lib/libpebble.a(tmpE96Sgtpebble_os.o)
                0x00000000000004d0                animation_init
                0x00000000000004dc                animation_set_delay
                0x00000000000004e8                animation_set_duration
                0x00000000000004f4                animation_set_curve
                0x0000000000000500                animation_set_handlers
                0x000000000000050c                animation_set_implementation
                0x0000000000000518                animation_get_context
                0x0000000000000524                animation_schedule
                0x0000000000000530                animation_unschedule
                0x000000000000053c                animation_unschedule_all
                0x0000000000000548                animation_is_scheduled
                0x0000000000000554                app_timer_send_event
                0x0000000000000560                app_timer_cancel_event
                0x000000000000056c                app_event_loop
                0x0000000000000578                bmp_init_container
                0x0000000000000584                bmp_deinit_container
                0x0000000000000590                cos_lookup
                0x000000000000059c                fonts_get_system_font
                0x00000000000005a8                fonts_load_custom_font
                0x00000000000005b4                fonts_unload_custom_font
                0x00000000000005c0                graphics_context_set_stroke_color
                0x00000000000005cc                graphics_context_set_fill_color
                0x00000000000005d8                graphics_context_set_text_color
                0x00000000000005e4                graphics_context_set_compositing_mode
                0x00000000000005f0                graphics_draw_pixel
                0x00000000000005fc                graphics_draw_line
                0x0000000000000608                graphics_fill_rect
                0x0000000000000614                graphics_draw_circle
                0x0000000000000620                graphics_fill_circle
                0x000000000000062c                graphics_draw_round_rect
                0x0000000000000638                get_time
                0x0000000000000644                gpath_init
                0x0000000000000650                gpath_move_to
                0x000000000000065c                gpath_rotate_to
                0x0000000000000668                gpath_draw_outline
                0x0000000000000674                gpath_draw_filled
                0x0000000000000680                grect_center_point
                0x000000000000068c                layer_mark_dirty
                0x0000000000000698                layer_remove_from_parent
                0x00000000000006a4                layer_add_child
                0x00000000000006b0                layer_get_frame
                0x00000000000006bc                layer_set_frame
                0x00000000000006c8                layer_set_hidden
                0x00000000000006d4                layer_init
                0x00000000000006e0                light_enable
                0x00000000000006ec                light_enable_interaction
                0x00000000000006f8                psleep
                0x0000000000000704                resource_init_current_app
                0x0000000000000710                resource_get_handle
                0x000000000000071c                resource_load
                0x0000000000000728                resource_load_byte_range
                0x0000000000000734                resource_size
                0x0000000000000740                rotbmp_deinit_container
                0x000000000000074c                rotbmp_init_container
                0x0000000000000758                rotbmp_pair_deinit_container
                0x0000000000000764                rotbmp_pair_init_container
                0x0000000000000770                rotbmp_pair_layer_set_src_ic
                0x000000000000077c                rotbmp_pair_layer_set_angle
                0x0000000000000788                window_init
                0x0000000000000794                window_stack_push
                0x00000000000007a0                window_set_click_config_provider
                0x00000000000007ac                window_set_background_color
                0x00000000000007b8                window_render
                0x00000000000007c4                window_set_fullscreen
                0x00000000000007d0                sin_lookup
                0x00000000000007dc                string_format_time
                0x00000000000007e8                text_layer_init
                0x00000000000007f4                text_layer_get_text
                0x0000000000000800                text_layer_set_text
                0x000000000000080c                text_layer_set_font
                0x0000000000000818                text_layer_set_text_color
                0x0000000000000824                text_layer_set_background_color
                0x0000000000000830                vibes_double_pulse
                0x000000000000083c                vibes_enqueue_custom_pattern
                0x0000000000000848                vibes_long_pulse
                0x0000000000000854                vibes_short_pulse
                0x0000000000000860                app_get_current_graphics_context
                0x000000000000086c                clock_is_24h_style
                0x0000000000000878                property_animation_init_layer_frame
                0x0000000000000884                text_layer_set_text_alignment
                0x0000000000000890                graphics_draw_bitmap_in_rect
                0x000000000000089c                graphics_text_draw
                0x00000000000008a8                layer_set_bounds
                0x00000000000008b4                layer_get_bounds
                0x00000000000008c0                layer_set_update_proc
                0x00000000000008cc                layer_get_window
                0x00000000000008d8                layer_remove_child_layers
                0x00000000000008e4                layer_insert_below_sibling
                0x00000000000008f0                layer_insert_above_sibling
                0x00000000000008fc                layer_get_hidden
                0x0000000000000908                layer_set_clips
                0x0000000000000914                layer_get_clips
                0x0000000000000920                text_layer_get_max_used_size
                0x000000000000092c                text_layer_set_size
                0x0000000000000938                text_layer_set_overflow_mode
                0x0000000000000944                graphics_text_layout_get_max_used_size
                0x0000000000000950                inverter_layer_init
                0x000000000000095c                bitmap_layer_init
                0x0000000000000968                bitmap_layer_set_bitmap
                0x0000000000000974                bitmap_layer_set_alignment
                0x0000000000000980                bitmap_layer_set_background_color
                0x000000000000098c                bitmap_layer_set_compositing_mode
                0x0000000000000998                heap_bitmap_init
                0x00000000000009a4                heap_bitmap_deinit
                0x00000000000009b0                click_recognizer_get_button_id
                0x00000000000009bc                click_number_of_clicks_counted
                0x00000000000009c8                menu_cell_basic_draw
                0x00000000000009d4                menu_cell_title_draw
                0x00000000000009e0                menu_cell_basic_header_draw
                0x00000000000009ec                menu_layer_init
                0x00000000000009f8                menu_layer_get_layer
                0x0000000000000a04                menu_layer_set_callbacks
                0x0000000000000a10                menu_layer_set_click_config_onto_window
                0x0000000000000a1c                menu_layer_set_selected_next
                0x0000000000000a28                menu_layer_set_selected_index
                0x0000000000000a34                menu_layer_reload_data
                0x0000000000000a40                menu_index_compare
                0x0000000000000a4c                scroll_layer_init
                0x0000000000000a58                scroll_layer_add_child
                0x0000000000000a64                scroll_layer_set_click_config_onto_window
                0x0000000000000a70                scroll_layer_set_callbacks
                0x0000000000000a7c                scroll_layer_set_context
                0x0000000000000a88                scroll_layer_set_content_offset
                0x0000000000000a94                scroll_layer_get_content_offset
                0x0000000000000aa0                scroll_layer_set_content_size
                0x0000000000000aac                scroll_layer_get_content_size
                0x0000000000000ab8                scroll_layer_set_frame
                0x0000000000000ac4                scroll_layer_scroll_up_click_handler
                0x0000000000000ad0                scroll_layer_scroll_down_click_handler
                0x0000000000000adc                simple_menu_layer_init
                0x0000000000000ae8                simple_menu_layer_get_layer
                0x0000000000000af4                simple_menu_layer_get_selected_index
                0x0000000000000b00                simple_menu_layer_set_selected_index
                0x0000000000000b0c                window_deinit
                0x0000000000000b18                window_set_click_config_provider_with_context
                0x0000000000000b24                window_get_click_config_provider
                0x0000000000000b30                window_set_window_handlers
                0x0000000000000b3c                window_get_root_layer
                0x0000000000000b48                window_get_fullscreen
                0x0000000000000b54                window_set_status_bar_icon
                0x0000000000000b60                window_is_loaded
                0x0000000000000b6c                window_stack_pop
                0x0000000000000b78                window_stack_pop_all
                0x0000000000000b84                window_stack_contains_window
                0x0000000000000b8c                window_stack_get_top_window
                0x0000000000000b94                window_stack_remove
                0x0000000000000b9c                property_animation_init
                0x0000000000000ba4                property_animation_update_int16
                0x0000000000000bac                property_animation_update_gpoint
                0x0000000000000bb4                property_animation_update_grect
                0x0000000000000bbc                app_message_register_callbacks
                0x0000000000000bc4                app_message_deregister_callbacks
                0x0000000000000bcc                app_message_out_get
                0x0000000000000bd4                app_message_out_send
                0x0000000000000bdc                app_message_out_release
                0x0000000000000be4                app_sync_init
                0x0000000000000bec                app_sync_deinit
                0x0000000000000bf4                app_sync_set
                0x0000000000000bfc                app_sync_get
                0x0000000000000c04                dict_calc_buffer_size
                0x0000000000000c0c                dict_write_begin
                0x0000000000000c14                dict_write_data
                0x0000000000000c1c                dict_write_cstring
                0x0000000000000c24                dict_write_int
                0x0000000000000c2c                dict_write_uint8
                0x0000000000000c34                dict_write_uint16
                0x0000000000000c3c                dict_write_uint32
                0x0000000000000c44                dict_write_int8
                0x0000000000000c4c                dict_write_int16
                0x0000000000000c54                dict_write_int32
                0x0000000000000c5c                dict_write_end
                0x0000000000000c64                dict_read_begin_from_buffer
                0x0000000000000c6c                dict_read_next
                0x0000000000000c74                dict_read_first
                0x0000000000000c7c                dict_serialize_tuplets
                0x0000000000000c84                dict_serialize_tuplets_to_buffer
                0x0000000000000c8c                dict_serialize_tuplets_to_buffer_with_iter
                0x0000000000000c94                dict_write_tuplet
                0x0000000000000c9c                dict_calc_buffer_size_from_tuplets
                0x0000000000000ca4                dict_merge
                0x0000000000000cac                dict_find
                0x0000000000000cb4                action_bar_layer_init
                0x0000000000000cbc                action_bar_layer_set_context
                0x0000000000000cc4                action_bar_layer_set_click_config_provider
                0x0000000000000ccc                action_bar_layer_set_icon
                0x0000000000000cd4                action_bar_layer_clear_icon
                0x0000000000000cdc                action_bar_layer_add_to_window
                0x0000000000000ce4                action_bar_layer_remove_from_window
                0x0000000000000cec                action_bar_layer_set_background_color
                0x0000000000000cf4                number_window_init
                0x0000000000000cfc                number_window_set_label
                0x0000000000000d04                number_window_set_max
                0x0000000000000d0c                number_window_set_min
                0x0000000000000d14                number_window_set_value
                0x0000000000000d1c                number_window_set_step_size
                0x0000000000000d24                number_window_get_value
                0x0000000000000d2c                clock_copy_time_string
 .text          0x000000000000105c        0x0 /Users/saulricardogomez/pebble-dev/arm-cs-tools/bin/../lib/gcc/arm-none-eabi/4.6.3/../../../../arm-none-eabi/lib/thumb2/libc.a(lib_a-memmove.o)
 .text          0x000000000000105c        0x0 /Users/saulricardogomez/pebble-dev/arm-cs-tools/bin/../lib/gcc/arm-none-eabi/4.6.3/../../../../arm-none-eabi/lib/thumb2/libc.a(lib_a-memset.o)
 .text          0x000000000000105c        0x0 /Users/saulricardogomez/pebble-dev/arm-cs-tools/bin/../lib/gcc/arm-none-eabi/4.6.3/thumb2/crtend.o
 .text          0x000000000000105c        0x0 /Users/saulricardogomez/pebble-dev/arm-cs-tools/bin/../lib/gcc/arm-none-eabi/4.6.3/thumb2/crtn.o

.glue_7         0x000000000000105c        0x0
 .glue_7        0x0000000000000000        0x0 linker stubs

.glue_7t        0x000000000000105c        0x0
 .glue_7t       0x0000000000000000        0x0 linker stubs

.vfp11_veneer   0x000000000000105c        0x0
 .vfp11_veneer  0x0000000000000000        0x0 linker stubs

.v4_bx          0x000000000000105c        0x0
 .v4_bx         0x0000000000000000        0x0 linker stubs

.init           0x000000000000105c        0xc
 .init          0x000000000000105c        0x4 /Users/saulricardogomez/pebble-dev/arm-cs-tools/bin/../lib/gcc/arm-none-eabi/4.6.3/thumb2/crti.o
                0x000000000000105c                _init
 .init          0x0000000000001060        0x8 /Users/saulricardogomez/pebble-dev/arm-cs-tools/bin/../lib/gcc/arm-none-eabi/4.6.3/thumb2/crtn.o

.fini           0x0000000000001068        0xc
 .fini          0x0000000000001068        0x4 /Users/saulricardogomez/pebble-dev/arm-cs-tools/bin/../lib/gcc/arm-none-eabi/4.6.3/thumb2/crti.o
                0x0000000000001068                _fini
 .fini          0x000000000000106c        0x8 /Users/saulricardogomez/pebble-dev/arm-cs-tools/bin/../lib/gcc/arm-none-eabi/4.6.3/thumb2/crtn.o

.iplt           0x0000000000001074        0x0
 .iplt          0x0000000000000000        0x0 /Users/saulricardogomez/pebble-dev/arm-cs-tools/bin/../lib/gcc/arm-none-eabi/4.6.3/thumb2/crti.o

.text.memmove   0x0000000000001074       0x3c
 .text.memmove  0x0000000000001074       0x3c /Users/saulricardogomez/pebble-dev/arm-cs-tools/bin/../lib/gcc/arm-none-eabi/4.6.3/../../../../arm-none-eabi/lib/thumb2/libc.a(lib_a-memmove.o)
                0x0000000000001074                memmove

.text.memset    0x00000000000010b0       0x10
 .text.memset   0x00000000000010b0       0x10 /Users/saulricardogomez/pebble-dev/arm-cs-tools/bin/../lib/gcc/arm-none-eabi/4.6.3/../../../../arm-none-eabi/lib/thumb2/libc.a(lib_a-memset.o)
                0x00000000000010b0                memset

.data           0x00000000000010c0       0x14
 *(.data)
 .data          0x00000000000010c0        0x0 /Users/saulricardogomez/pebble-dev/arm-cs-tools/bin/../lib/gcc/arm-none-eabi/4.6.3/thumb2/crti.o
 .data          0x00000000000010c0        0x4 /Users/saulricardogomez/pebble-dev/arm-cs-tools/bin/../lib/gcc/arm-none-eabi/4.6.3/thumb2/crtbegin.o
                0x00000000000010c0                __dso_handle
 .data          0x00000000000010c4       0x10 src/feature_image_transparent.c.1.o
 .data          0x00000000000010d4        0x0 /Users/saulricardogomez/pebble-dev/pebble-sdk-release-001/imagen/lib/libpebble.a(tmpE96Sgtpebble_os.o)
 .data          0x00000000000010d4        0x0 /Users/saulricardogomez/pebble-dev/arm-cs-tools/bin/../lib/gcc/arm-none-eabi/4.6.3/../../../../arm-none-eabi/lib/thumb2/libc.a(lib_a-memmove.o)
 .data          0x00000000000010d4        0x0 /Users/saulricardogomez/pebble-dev/arm-cs-tools/bin/../lib/gcc/arm-none-eabi/4.6.3/../../../../arm-none-eabi/lib/thumb2/libc.a(lib_a-memset.o)
 .data          0x00000000000010d4        0x0 /Users/saulricardogomez/pebble-dev/arm-cs-tools/bin/../lib/gcc/arm-none-eabi/4.6.3/thumb2/crtend.o
 .data          0x00000000000010d4        0x0 /Users/saulricardogomez/pebble-dev/arm-cs-tools/bin/../lib/gcc/arm-none-eabi/4.6.3/thumb2/crtn.o

.igot.plt       0x00000000000010d4        0x0
 .igot.plt      0x0000000000000000        0x0 /Users/saulricardogomez/pebble-dev/arm-cs-tools/bin/../lib/gcc/arm-none-eabi/4.6.3/thumb2/crti.o

.got            0x00000000000010d4       0x14
 .got           0x00000000000010d4       0x14 /Users/saulricardogomez/pebble-dev/arm-cs-tools/bin/../lib/gcc/arm-none-eabi/4.6.3/thumb2/crti.o

.got.plt        0x00000000000010e8        0xc
 .got.plt       0x00000000000010e8        0xc /Users/saulricardogomez/pebble-dev/arm-cs-tools/bin/../lib/gcc/arm-none-eabi/4.6.3/thumb2/crti.o
                0x00000000000010e8                _GLOBAL_OFFSET_TABLE_

.init_array     0x00000000000010f4        0x4
 .init_array    0x00000000000010f4        0x4 /Users/saulricardogomez/pebble-dev/arm-cs-tools/bin/../lib/gcc/arm-none-eabi/4.6.3/thumb2/crtbegin.o

.fini_array     0x00000000000010f8        0x4
 .fini_array    0x00000000000010f8        0x4 /Users/saulricardogomez/pebble-dev/arm-cs-tools/bin/../lib/gcc/arm-none-eabi/4.6.3/thumb2/crtbegin.o

.jcr            0x00000000000010fc        0x4
 .jcr           0x00000000000010fc        0x0 /Users/saulricardogomez/pebble-dev/arm-cs-tools/bin/../lib/gcc/arm-none-eabi/4.6.3/thumb2/crtbegin.o
 .jcr           0x00000000000010fc        0x4 /Users/saulricardogomez/pebble-dev/arm-cs-tools/bin/../lib/gcc/arm-none-eabi/4.6.3/thumb2/crtend.o

.bss            0x0000000000001100      0x1ec
 *(.bss)
 .bss           0x0000000000001100        0x0 /Users/saulricardogomez/pebble-dev/arm-cs-tools/bin/../lib/gcc/arm-none-eabi/4.6.3/thumb2/crti.o
 .bss           0x0000000000001100       0x1c /Users/saulricardogomez/pebble-dev/arm-cs-tools/bin/../lib/gcc/arm-none-eabi/4.6.3/thumb2/crtbegin.o
 .bss           0x000000000000111c        0x0 src/feature_image_transparent.c.1.o
 .bss           0x000000000000111c        0x0 /Users/saulricardogomez/pebble-dev/pebble-sdk-release-001/imagen/lib/libpebble.a(tmpE96Sgtpebble_os.o)
 .bss           0x000000000000111c        0x0 /Users/saulricardogomez/pebble-dev/arm-cs-tools/bin/../lib/gcc/arm-none-eabi/4.6.3/../../../../arm-none-eabi/lib/thumb2/libc.a(lib_a-memmove.o)
 .bss           0x000000000000111c        0x0 /Users/saulricardogomez/pebble-dev/arm-cs-tools/bin/../lib/gcc/arm-none-eabi/4.6.3/../../../../arm-none-eabi/lib/thumb2/libc.a(lib_a-memset.o)
 .bss           0x000000000000111c        0x0 /Users/saulricardogomez/pebble-dev/arm-cs-tools/bin/../lib/gcc/arm-none-eabi/4.6.3/thumb2/crtend.o
 .bss           0x000000000000111c        0x0 /Users/saulricardogomez/pebble-dev/arm-cs-tools/bin/../lib/gcc/arm-none-eabi/4.6.3/thumb2/crtn.o
 COMMON         0x000000000000111c      0x1d0 src/feature_image_transparent.c.1.o
                0x000000000000111c                bitmap_container
                0x00000000000011ec                timeLayer
                0x0000000000001224                text_date_layer
                0x000000000000125c                window
                0x00000000000012b4                AMPM

DISCARD         0x00000000000012ec        0x4
 libc.a(*)
 libm.a(*)
 libgcc.a(*)
 *(.eh_frame)
 .eh_frame      0x00000000000012ec        0x0 /Users/saulricardogomez/pebble-dev/arm-cs-tools/bin/../lib/gcc/arm-none-eabi/4.6.3/thumb2/crtbegin.o
 .eh_frame      0x00000000000012ec        0x4 /Users/saulricardogomez/pebble-dev/arm-cs-tools/bin/../lib/gcc/arm-none-eabi/4.6.3/thumb2/crtend.o
OUTPUT(/Users/saulricardogomez/pebble-dev/pebble-sdk-release-001/imagen/build/pebble-app.elf elf32-littlearm)

.rodata         0x00000000000012f0       0x70
 .rodata        0x00000000000012f0       0x70 src/feature_image_transparent.c.1.o

.rel.dyn        0x0000000000001360        0x0
 .rel.iplt      0x0000000000000000        0x0 /Users/saulricardogomez/pebble-dev/arm-cs-tools/bin/../lib/gcc/arm-none-eabi/4.6.3/thumb2/crti.o
 .rel.got       0x0000000000000000        0x0 /Users/saulricardogomez/pebble-dev/arm-cs-tools/bin/../lib/gcc/arm-none-eabi/4.6.3/thumb2/crti.o

.ARM.attributes
                0x0000000000000000       0x27
 .ARM.attributes
                0x0000000000000000       0x1b /Users/saulricardogomez/pebble-dev/arm-cs-tools/bin/../lib/gcc/arm-none-eabi/4.6.3/thumb2/crti.o
 .ARM.attributes
                0x000000000000001b       0x2b /Users/saulricardogomez/pebble-dev/arm-cs-tools/bin/../lib/gcc/arm-none-eabi/4.6.3/thumb2/crtbegin.o
 .ARM.attributes
                0x0000000000000046       0x33 src/feature_image_transparent.c.1.o
 .ARM.attributes
                0x0000000000000079       0x21 /Users/saulricardogomez/pebble-dev/pebble-sdk-release-001/imagen/lib/libpebble.a(tmpE96Sgtpebble_os.o)
 .ARM.attributes
                0x000000000000009a       0x2b /Users/saulricardogomez/pebble-dev/arm-cs-tools/bin/../lib/gcc/arm-none-eabi/4.6.3/../../../../arm-none-eabi/lib/thumb2/libc.a(lib_a-memmove.o)
 .ARM.attributes
                0x00000000000000c5       0x2b /Users/saulricardogomez/pebble-dev/arm-cs-tools/bin/../lib/gcc/arm-none-eabi/4.6.3/../../../../arm-none-eabi/lib/thumb2/libc.a(lib_a-memset.o)
 .ARM.attributes
                0x00000000000000f0       0x2b /Users/saulricardogomez/pebble-dev/arm-cs-tools/bin/../lib/gcc/arm-none-eabi/4.6.3/thumb2/crtend.o
 .ARM.attributes
                0x000000000000011b       0x1b /Users/saulricardogomez/pebble-dev/arm-cs-tools/bin/../lib/gcc/arm-none-eabi/4.6.3/thumb2/crtn.o

.comment        0x0000000000000000       0x4e
 .comment       0x0000000000000000       0x4e /Users/saulricardogomez/pebble-dev/arm-cs-tools/bin/../lib/gcc/arm-none-eabi/4.6.3/thumb2/crtbegin.o
                                         0x4f (size before relaxing)
 .comment       0x0000000000000000       0x4f src/feature_image_transparent.c.1.o
 .comment       0x0000000000000000       0x4f /Users/saulricardogomez/pebble-dev/arm-cs-tools/bin/../lib/gcc/arm-none-eabi/4.6.3/../../../../arm-none-eabi/lib/thumb2/libc.a(lib_a-memmove.o)
 .comment       0x0000000000000000       0x4f /Users/saulricardogomez/pebble-dev/arm-cs-tools/bin/../lib/gcc/arm-none-eabi/4.6.3/../../../../arm-none-eabi/lib/thumb2/libc.a(lib_a-memset.o)
 .comment       0x0000000000000000       0x4f /Users/saulricardogomez/pebble-dev/arm-cs-tools/bin/../lib/gcc/arm-none-eabi/4.6.3/thumb2/crtend.o

.debug_line     0x0000000000000000      0x2d3
 .debug_line    0x0000000000000000       0x71 /Users/saulricardogomez/pebble-dev/arm-cs-tools/bin/../lib/gcc/arm-none-eabi/4.6.3/thumb2/crti.o
 .debug_line    0x0000000000000071      0x1ed src/feature_image_transparent.c.1.o
 .debug_line    0x000000000000025e       0x75 /Users/saulricardogomez/pebble-dev/arm-cs-tools/bin/../lib/gcc/arm-none-eabi/4.6.3/thumb2/crtn.o

.debug_info     0x0000000000000000     0x15ae
 .debug_info    0x0000000000000000       0xb2 /Users/saulricardogomez/pebble-dev/arm-cs-tools/bin/../lib/gcc/arm-none-eabi/4.6.3/thumb2/crti.o
 .debug_info    0x00000000000000b2     0x144a src/feature_image_transparent.c.1.o
 .debug_info    0x00000000000014fc       0xb2 /Users/saulricardogomez/pebble-dev/arm-cs-tools/bin/../lib/gcc/arm-none-eabi/4.6.3/thumb2/crtn.o

.debug_abbrev   0x0000000000000000      0x22e
 .debug_abbrev  0x0000000000000000       0x12 /Users/saulricardogomez/pebble-dev/arm-cs-tools/bin/../lib/gcc/arm-none-eabi/4.6.3/thumb2/crti.o
 .debug_abbrev  0x0000000000000012      0x20a src/feature_image_transparent.c.1.o
 .debug_abbrev  0x000000000000021c       0x12 /Users/saulricardogomez/pebble-dev/arm-cs-tools/bin/../lib/gcc/arm-none-eabi/4.6.3/thumb2/crtn.o

.debug_aranges  0x0000000000000000       0x70
 .debug_aranges
                0x0000000000000000       0x28 /Users/saulricardogomez/pebble-dev/arm-cs-tools/bin/../lib/gcc/arm-none-eabi/4.6.3/thumb2/crti.o
 .debug_aranges
                0x0000000000000028       0x20 src/feature_image_transparent.c.1.o
 .debug_aranges
                0x0000000000000048       0x28 /Users/saulricardogomez/pebble-dev/arm-cs-tools/bin/../lib/gcc/arm-none-eabi/4.6.3/thumb2/crtn.o

.debug_ranges   0x0000000000000000       0x40
 .debug_ranges  0x0000000000000000       0x20 /Users/saulricardogomez/pebble-dev/arm-cs-tools/bin/../lib/gcc/arm-none-eabi/4.6.3/thumb2/crti.o
 .debug_ranges  0x0000000000000020       0x20 /Users/saulricardogomez/pebble-dev/arm-cs-tools/bin/../lib/gcc/arm-none-eabi/4.6.3/thumb2/crtn.o

.debug_loc      0x0000000000000000      0x11c
 .debug_loc     0x0000000000000000      0x11c src/feature_image_transparent.c.1.o

.debug_str      0x0000000000000000      0xdb5
 .debug_str     0x0000000000000000      0xdb5 src/feature_image_transparent.c.1.o
                                        0xe8b (size before relaxing)

.debug_frame    0x0000000000000000       0xb0
 .debug_frame   0x0000000000000000       0xb0 src/feature_image_transparent.c.1.o
